[html.awaikenthemes.com/infine/index-video.html]
[backblue.gif]
[fade.gif]
[index.html]
[html.awaikenthemes.com/infine/images/favicon.png]
[html.awaikenthemes.com/infine/css/bootstrap.min.css]
[html.awaikenthemes.com/infine/css/slicknav.min.css]
[html.awaikenthemes.com/infine/css/swiper-bundle.min.css]
[html.awaikenthemes.com/infine/css/all.css]
[html.awaikenthemes.com/infine/css/animate.css]
[html.awaikenthemes.com/infine/css/magnific-popup.css]
[html.awaikenthemes.com/infine/css/mousecursor.css]
[html.awaikenthemes.com/infine/css/custom.css]
[html.awaikenthemes.com/infine/images/loader.svg]
[html.awaikenthemes.com/infine/images/logo.svg]
[html.awaikenthemes.com/infine/index.html]
[html.awaikenthemes.com/infine/index-2.html]
[html.awaikenthemes.com/infine/index-slider.html]
[html.awaikenthemes.com/infine/about.html]
[html.awaikenthemes.com/infine/service.html]
[html.awaikenthemes.com/infine/service-single.html]
[html.awaikenthemes.com/infine/blog.html]
[html.awaikenthemes.com/infine/blog-single.html]
[html.awaikenthemes.com/infine/team.html]
[html.awaikenthemes.com/infine/team-single.html]
[html.awaikenthemes.com/infine/pricing.html]
[html.awaikenthemes.com/infine/testimonial.html]
[html.awaikenthemes.com/infine/image-gallery.html]
[html.awaikenthemes.com/infine/video-gallery.html]
[html.awaikenthemes.com/infine/faqs.html]
[html.awaikenthemes.com/infine/book-appointment.html]
[html.awaikenthemes.com/infine/404.html]
[html.awaikenthemes.com/infine/contact.html]
[html.awaikenthemes.com/infine/images/icon-export-coaching-1.svg]
[html.awaikenthemes.com/infine/images/icon-export-coaching-2.svg]
[html.awaikenthemes.com/infine/images/icon-export-coaching-3.svg]
[html.awaikenthemes.com/infine/images/icon-export-coaching-4.svg]
[html.awaikenthemes.com/infine/images/icon-export-coaching-5.svg]
[html.awaikenthemes.com/infine/images/about-us-img-1.jpg]
[html.awaikenthemes.com/infine/images/about-us-img-2.jpg]
[html.awaikenthemes.com/infine/images/icon-company-experience.svg]
[html.awaikenthemes.com/infine/images/satisfy-client-img-1.jpg]
[html.awaikenthemes.com/infine/images/satisfy-client-img-2.jpg]
[html.awaikenthemes.com/infine/images/satisfy-client-img-3.jpg]
[html.awaikenthemes.com/infine/images/satisfy-client-img-4.jpg]
[html.awaikenthemes.com/infine/images/satisfy-client-img-5.jpg]
[html.awaikenthemes.com/infine/images/icon-company-result.svg]
[html.awaikenthemes.com/infine/images/icon-services-1.svg]
[html.awaikenthemes.com/infine/images/icon-services-2.svg]
[html.awaikenthemes.com/infine/images/icon-services-3.svg]
[html.awaikenthemes.com/infine/images/icon-services-4.svg]
[html.awaikenthemes.com/infine/images/icon-services-5.svg]
[html.awaikenthemes.com/infine/images/icon-services-6.svg]
[html.awaikenthemes.com/infine/images/our-potential-img.jpg]
[html.awaikenthemes.com/infine/images/icon-pricing-benefit-1.svg]
[html.awaikenthemes.com/infine/images/icon-pricing-benefit-2.svg]
[html.awaikenthemes.com/infine/images/icon-pricing-benefit-3.svg]
[html.awaikenthemes.com/infine/images/expertise-image-1.jpg]
[html.awaikenthemes.com/infine/images/expertise-image-2.jpg]
[html.awaikenthemes.com/infine/images/expertise-image-3.jpg]
[html.awaikenthemes.com/infine/images/expertise-image-4.jpg]
[html.awaikenthemes.com/infine/images/expertise-image-5.jpg]
[html.awaikenthemes.com/infine/images/expertise-image-6.jpg]
[html.awaikenthemes.com/infine/images/expertise-image-7.jpg]
[html.awaikenthemes.com/infine/images/expertise-image-8.jpg]
[html.awaikenthemes.com/infine/images/icon-how-work-1.svg]
[html.awaikenthemes.com/infine/images/icon-how-work-2.svg]
[html.awaikenthemes.com/infine/images/icon-how-work-3.svg]
[html.awaikenthemes.com/infine/images/icon-how-work-4.svg]
[html.awaikenthemes.com/infine/images/asterisk-icon.svg]
[html.awaikenthemes.com/infine/images/company-growth-img.jpg]
[html.awaikenthemes.com/infine/images/testimonial-img-1.jpg]
[html.awaikenthemes.com/infine/images/icon-testimonial-rating-4.svg]
[html.awaikenthemes.com/infine/images/testimonial-quote.svg]
[html.awaikenthemes.com/infine/images/testimonial-img-2.jpg]
[html.awaikenthemes.com/infine/images/testimonial-img-3.jpg]
[html.awaikenthemes.com/infine/images/icon-testimonial-rating-1.svg]
[html.awaikenthemes.com/infine/images/icon-testimonial-rating-2.svg]
[html.awaikenthemes.com/infine/images/icon-testimonial-rating-3.svg]
[html.awaikenthemes.com/infine/images/post-1.jpg]
[html.awaikenthemes.com/infine/images/post-2.jpg]
[html.awaikenthemes.com/infine/images/post-3.jpg]
[html.awaikenthemes.com/infine/js/jquery-3.7.1.min.js]
[html.awaikenthemes.com/infine/js/bootstrap.min.js]
[html.awaikenthemes.com/infine/js/validator.min.js]
[html.awaikenthemes.com/infine/js/jquery.slicknav.js]
[html.awaikenthemes.com/infine/js/swiper-bundle.min.js]
[html.awaikenthemes.com/infine/js/jquery.waypoints.min.js]
[html.awaikenthemes.com/infine/js/jquery.counterup.min.js]
[html.awaikenthemes.com/infine/js/jquery.magnific-popup.min.js]
[html.awaikenthemes.com/infine/js/SmoothScroll.js]
[html.awaikenthemes.com/infine/js/parallaxie.js]
[html.awaikenthemes.com/infine/js/gsap.min.js]
[html.awaikenthemes.com/infine/js/magiccursor.js]
[html.awaikenthemes.com/infine/js/SplitText.js]
[html.awaikenthemes.com/infine/js/ScrollTrigger.min.js]
[html.awaikenthemes.com/infine/js/jquery.mb.YTPlayer.min.js]
[html.awaikenthemes.com/infine/js/wow.js]
[html.awaikenthemes.com/infine/js/function.js]
[html.awaikenthemes.com/infine/index-video.html]
[html.awaikenthemes.com/infine/css/bootstrap.min.css]
[html.awaikenthemes.com/infine/css/slicknav.min.css]
[html.awaikenthemes.com/infine/css/swiper-bundle.min.css]
[demo.awaikenthemes.com/assets/js/theme-panel.js]
[html.awaikenthemes.com/infine/webfonts/fa-brands-400.woff2]
[html.awaikenthemes.com/infine/webfonts/fa-regular-400.woff2]
[html.awaikenthemes.com/infine/webfonts/fa-brands-400.ttf]
[html.awaikenthemes.com/infine/webfonts/fa-regular-400.ttf]
[html.awaikenthemes.com/infine/webfonts/fa-solid-900.woff2]
[html.awaikenthemes.com/infine/webfonts/fa-solid-900.ttf]
[html.awaikenthemes.com/infine/webfonts/fa-v4compatibility.woff2]
[html.awaikenthemes.com/infine/css/all.css]
[html.awaikenthemes.com/infine/css/animate.css]
[html.awaikenthemes.com/infine/css/magnific-popup.css]
[html.awaikenthemes.com/infine/css/mousecursor.css]
[html.awaikenthemes.com/infine/webfonts/fa-v4compatibility.ttf]
[html.awaikenthemes.com/infine/images/arrow-white.svg]
[html.awaikenthemes.com/infine/images/dark-arrow.svg]
[html.awaikenthemes.com/infine/images/icon-sub-heading.svg]
[html.awaikenthemes.com/infine/images/hero-bg.jpg]
[html.awaikenthemes.com/infine/images/about-image-bg-shape.svg]
[html.awaikenthemes.com/infine/images/service-bg-circle.svg]
[html.awaikenthemes.com/infine/images/about-video-bg.jpg]
[html.awaikenthemes.com/infine/images/icon-plus.svg]
[html.awaikenthemes.com/infine/images/testimonial-bg.png]
[html.awaikenthemes.com/infine/images/footer-bg-1.png]
[html.awaikenthemes.com/infine/images/footer-bg-2.png]
[html.awaikenthemes.com/infine/images/page-header-bg.jpg]
[html.awaikenthemes.com/infine/images/company-experience-bg.png]
[html.awaikenthemes.com/infine/images/accent-arrow.svg]
[html.awaikenthemes.com/infine/images/icon-blockquote.svg]
[html.awaikenthemes.com/infine/css/custom.css]
[html.awaikenthemes.com/infine/images/loader.svg]
[html.awaikenthemes.com/infine/index.html]
[html.awaikenthemes.com/infine/images/logo.svg]
[html.awaikenthemes.com/infine/index-2.html]
[html.awaikenthemes.com/infine/images/blockquote.svg]
[html.awaikenthemes.com/infine/images/hero-bg-2.jpg]
[html.awaikenthemes.com/infine/index-slider.html]
[html.awaikenthemes.com/infine/images/icon-our-mission.svg]
[html.awaikenthemes.com/infine/images/icon-our-vision.svg]
[html.awaikenthemes.com/infine/images/icon-our-value.svg]
[html.awaikenthemes.com/infine/images/our-approach-img.jpg]
[html.awaikenthemes.com/infine/images/contact-now-circle.svg]
[html.awaikenthemes.com/infine/images/company-logo-1.svg]
[html.awaikenthemes.com/infine/images/company-logo-2.svg]
[html.awaikenthemes.com/infine/images/company-logo-3.svg]
[html.awaikenthemes.com/infine/images/company-logo-4.svg]
[html.awaikenthemes.com/infine/images/company-logo-5.svg]
[html.awaikenthemes.com/infine/images/company-logo-6.svg]
[html.awaikenthemes.com/infine/images/company-logo-7.svg]
[html.awaikenthemes.com/infine/images/company-logo-8.svg]
[html.awaikenthemes.com/infine/images/why-choose-us-img-1.jpg]
[html.awaikenthemes.com/infine/images/why-choose-us-img-2.jpg]
[html.awaikenthemes.com/infine/images/why-choose-contact-circle.svg]
[html.awaikenthemes.com/infine/images/team-1.jpg]
[html.awaikenthemes.com/infine/images/team-2.jpg]
[html.awaikenthemes.com/infine/images/team-3.jpg]
[html.awaikenthemes.com/infine/about.html]
[html.awaikenthemes.com/infine/service.html]
[html.awaikenthemes.com/infine/images/sidebar-cta-img.jpg]
[html.awaikenthemes.com/infine/images/servie-1.jpg]
[html.awaikenthemes.com/infine/images/service-entry-1.jpg]
[html.awaikenthemes.com/infine/images/service-entry-2.jpg]
[html.awaikenthemes.com/infine/images/service-entry-3.jpg]
[html.awaikenthemes.com/infine/service-single.html]
[html.awaikenthemes.com/infine/images/post-4.jpg]
[html.awaikenthemes.com/infine/images/post-5.jpg]
[html.awaikenthemes.com/infine/images/post-6.jpg]
[html.awaikenthemes.com/infine/blog.html]
[html.awaikenthemes.com/infine/blog-single.html]
[html.awaikenthemes.com/infine/images/team-4.jpg]
[html.awaikenthemes.com/infine/images/team-5.jpg]
[html.awaikenthemes.com/infine/images/team-6.jpg]
[html.awaikenthemes.com/infine/team.html]
[html.awaikenthemes.com/infine/team-single.html]
[html.awaikenthemes.com/infine/pricing.html]
[html.awaikenthemes.com/infine/images/author-1.jpg]
[html.awaikenthemes.com/infine/images/author-2.jpg]
[html.awaikenthemes.com/infine/images/author-3.jpg]
[html.awaikenthemes.com/infine/images/author-4.jpg]
[html.awaikenthemes.com/infine/images/author-5.jpg]
[html.awaikenthemes.com/infine/testimonial.html]
[html.awaikenthemes.com/infine/images/gallery-1.jpg]
[html.awaikenthemes.com/infine/images/gallery-2.jpg]
[html.awaikenthemes.com/infine/images/gallery-3.jpg]
[html.awaikenthemes.com/infine/images/gallery-4.jpg]
[html.awaikenthemes.com/infine/images/gallery-5.jpg]
[html.awaikenthemes.com/infine/images/gallery-6.jpg]
[html.awaikenthemes.com/infine/images/gallery-7.jpg]
[html.awaikenthemes.com/infine/images/gallery-8.jpg]
[html.awaikenthemes.com/infine/images/gallery-9.jpg]
[html.awaikenthemes.com/infine/image-gallery.html]
[html.awaikenthemes.com/infine/images/video-gallery-img-1.jpg]
[html.awaikenthemes.com/infine/images/video-gallery-img-2.jpg]
[html.awaikenthemes.com/infine/images/video-gallery-img-3.jpg]
[html.awaikenthemes.com/infine/images/video-gallery-img-4.jpg]
[html.awaikenthemes.com/infine/images/video-gallery-img-5.jpg]
[html.awaikenthemes.com/infine/images/video-gallery-img-6.jpg]
[html.awaikenthemes.com/infine/images/video-gallery-img-7.jpg]
[html.awaikenthemes.com/infine/images/video-gallery-img-8.jpg]
[html.awaikenthemes.com/infine/images/video-gallery-img-9.jpg]
[html.awaikenthemes.com/infine/video-gallery.html]
[html.awaikenthemes.com/infine/faqs.html]
[html.awaikenthemes.com/infine/book-appointment.html]
[html.awaikenthemes.com/infine/images/404-error-img.png]
[html.awaikenthemes.com/infine/404.html]
[html.awaikenthemes.com/infine/images/icon-phone.svg]
[html.awaikenthemes.com/infine/images/icon-mail.svg]
[html.awaikenthemes.com/infine/contact.html]
[html.awaikenthemes.com/infine/images/icon-export-coaching-1.svg]
[html.awaikenthemes.com/infine/images/icon-export-coaching-2.svg]
[html.awaikenthemes.com/infine/images/icon-export-coaching-3.svg]
[html.awaikenthemes.com/infine/images/icon-export-coaching-4.svg]
[html.awaikenthemes.com/infine/images/icon-export-coaching-5.svg]
[html.awaikenthemes.com/infine/images/icon-company-experience.svg]
[html.awaikenthemes.com/infine/images/icon-company-result.svg]
[html.awaikenthemes.com/infine/images/icon-services-1.svg]
[html.awaikenthemes.com/infine/images/icon-services-2.svg]
[html.awaikenthemes.com/infine/images/icon-services-3.svg]
[html.awaikenthemes.com/infine/images/icon-services-4.svg]
[html.awaikenthemes.com/infine/images/icon-services-5.svg]
[html.awaikenthemes.com/infine/images/icon-services-6.svg]
[html.awaikenthemes.com/infine/images/icon-pricing-benefit-1.svg]
[html.awaikenthemes.com/infine/images/icon-pricing-benefit-2.svg]
[html.awaikenthemes.com/infine/images/icon-pricing-benefit-3.svg]
[html.awaikenthemes.com/infine/images/icon-how-work-1.svg]
[html.awaikenthemes.com/infine/images/icon-how-work-2.svg]
[html.awaikenthemes.com/infine/images/icon-how-work-3.svg]
[html.awaikenthemes.com/infine/images/icon-how-work-4.svg]
[html.awaikenthemes.com/infine/images/asterisk-icon.svg]
[html.awaikenthemes.com/infine/images/icon-testimonial-rating-4.svg]
[html.awaikenthemes.com/infine/images/testimonial-quote.svg]
[html.awaikenthemes.com/infine/images/icon-testimonial-rating-1.svg]
[html.awaikenthemes.com/infine/images/icon-testimonial-rating-2.svg]
[html.awaikenthemes.com/infine/images/icon-testimonial-rating-3.svg]
[html.awaikenthemes.com/infine/images/arrow-white.svg]
[html.awaikenthemes.com/infine/images/dark-arrow.svg]
[html.awaikenthemes.com/infine/images/icon-sub-heading.svg]
[html.awaikenthemes.com/infine/images/about-image-bg-shape.svg]
[html.awaikenthemes.com/infine/images/service-bg-circle.svg]
[html.awaikenthemes.com/infine/images/icon-plus.svg]
[html.awaikenthemes.com/infine/images/accent-arrow.svg]
[html.awaikenthemes.com/infine/images/icon-blockquote.svg]
[html.awaikenthemes.com/infine/images/blockquote.svg]
[html.awaikenthemes.com/infine/images/icon-our-mission.svg]
[html.awaikenthemes.com/infine/images/icon-our-vision.svg]
[html.awaikenthemes.com/infine/images/icon-our-value.svg]
[html.awaikenthemes.com/infine/images/contact-now-circle.svg]
[html.awaikenthemes.com/infine/images/company-logo-1.svg]
[html.awaikenthemes.com/infine/images/company-logo-2.svg]
[html.awaikenthemes.com/infine/images/company-logo-3.svg]
[html.awaikenthemes.com/infine/images/company-logo-4.svg]
[html.awaikenthemes.com/infine/images/company-logo-5.svg]
[html.awaikenthemes.com/infine/images/company-logo-6.svg]
[html.awaikenthemes.com/infine/images/company-logo-7.svg]
[html.awaikenthemes.com/infine/images/company-logo-8.svg]
[html.awaikenthemes.com/infine/images/why-choose-contact-circle.svg]
[html.awaikenthemes.com/infine/images/icon-location.svg]
[html.awaikenthemes.com/infine/images/icon-phone.svg]
[html.awaikenthemes.com/infine/images/icon-mail.svg]
[html.awaikenthemes.com/infine/images/icon-location.svg]
